Release 9.1i - xst J.30
Copyright (c) 1995-2007 Xilinx, Inc.  All rights reserved.
--> Parameter TMPDIR set to ./xst/projnav.tmp
CPU : 0.00 / 0.08 s | Elapsed : 0.00 / 0.00 s
 
--> Parameter xsthdpdir set to ./xst
CPU : 0.00 / 0.08 s | Elapsed : 0.00 / 0.00 s
 
--> Reading design: sixty.prj

TABLE OF CONTENTS
  1) Synthesis Options Summary
  2) HDL Compilation
  3) Design Hierarchy Analysis
  4) HDL Analysis
  5) HDL Synthesis
     5.1) HDL Synthesis Report
  6) Advanced HDL Synthesis
     6.1) Advanced HDL Synthesis Report
  7) Low Level Synthesis
  8) Partition Report
  9) Final Report
     9.1) Device utilization summary
     9.2) Partition Resource Summary
     9.3) TIMING REPORT


=========================================================================
*                      Synthesis Options Summary                        *
=========================================================================
---- Source Parameters
Input File Name                    : "sixty.prj"
Input Format                       : mixed
Ignore Synthesis Constraint File   : NO

---- Target Parameters
Output File Name                   : "sixty"
Output Format                      : NGC
Target Device                      : xc2s200-6-pq208

---- Source Options
Top Module Name                    : sixty
Automatic FSM Extraction           : YES
FSM Encoding Algorithm             : Auto
Safe Implementation                : No
FSM Style                          : lut
RAM Extraction                     : Yes
RAM Style                          : Auto
ROM Extraction                     : Yes
Mux Style                          : Auto
Decoder Extraction                 : YES
Priority Encoder Extraction        : YES
Shift Register Extraction          : YES
Logical Shifter Extraction         : YES
XOR Collapsing                     : YES
ROM Style                          : Auto
Mux Extraction                     : YES
Resource Sharing                   : YES
Asynchronous To Synchronous        : NO
Multiplier Style                   : lut
Automatic Register Balancing       : No

---- Target Options
Add IO Buffers                     : YES
Global Maximum Fanout              : 100
Add Generic Clock Buffer(BUFG)     : 4
Register Duplication               : YES
Slice Packing                      : YES
Optimize Instantiated Primitives   : NO
Convert Tristates To Logic         : Yes
Use Clock Enable                   : Yes
Use Synchronous Set                : Yes
Use Synchronous Reset              : Yes
Pack IO Registers into IOBs        : auto
Equivalent register Removal        : YES

---- General Options
Optimization Goal                  : Speed
Optimization Effort                : 1
Library Search Order               : sixty.lso
Keep Hierarchy                     : NO
RTL Output                         : Yes
Global Optimization                : AllClockNets
Read Cores                         : YES
Write Timing Constraints           : NO
Cross Clock Analysis               : NO
Hierarchy Separator                : /
Bus Delimiter                      : <>
Case Specifier                     : maintain
Slice Utilization Ratio            : 100
BRAM Utilization Ratio             : 100
Verilog 2001                       : YES
Auto BRAM Packing                  : NO
Slice Utilization Ratio Delta      : 5

=========================================================================


=========================================================================
*                          HDL Compilation                              *
=========================================================================
Compiling vhdl file "F:/sixty/sixty.vhd" in Library work.
Architecture behavioral of Entity sixty is up to date.
ERROR:HierarchicalDesignC:40 - Failed to close Project repository.  HDProject data may not have been properly written to the Project file.

=========================================================================
*                     Design Hierarchy Analysis                         *
=========================================================================
Analyzing hierarchy for entity <sixty> in library <work> (architecture <behavioral>).


=========================================================================
*                            HDL Analysis                               *
=========================================================================
Analyzing Entity <sixty> in library <work> (Architecture <behavioral>).
WARNING:Xst:819 - "F:/sixty/sixty.vhd" line 60: The following signals are missing in the process sensitivity list:
   countH, countL.
Entity <sixty> analyzed. Unit <sixty> generated.


=========================================================================
*                           HDL Synthesis                               *
=========================================================================

Performing bidirectional port resolution...

Synthesizing Unit <sixty>.
    Related source file is "F:/sixty/sixty.vhd".
    Found 1-bit register for signal <clk_temp>.
    Found 16-bit up counter for signal <count>.
    Found 4-bit up counter for signal <countH>.
    Found 4-bit up counter for signal <countL>.
    Summary:
	inferred   3 Counter(s).
	inferred   1 D-type flip-flop(s).
Unit <sixty> synthesized.


=========================================================================
HDL Synthesis Report

Macro Statistics
# Counters                                             : 3
 16-bit up counter                                     : 1
 4-bit up counter                                      : 2
# Registers                                            : 1
 1-bit register                                        : 1

=========================================================================

=========================================================================
*                       Advanced HDL Synthesis                          *
=========================================================================

Loading device for application Rf_Device from file 'v200.nph' in environment C:\Xilinx91i.

=========================================================================
Advanced HDL Synthesis Report

Macro Statistics
# Counters                                             : 3
 16-bit up counter                                     : 1
 4-bit up counter                                      : 2
# Registers                                            : 1
 Flip-Flops                                            : 1

=========================================================================

=========================================================================
*                         Low Level Synthesis                           *
=========================================================================

Optimizing unit <sixty> ...

Mapping all equations...
Building and optimizing final netlist ...
Found area constraint ratio of 100 (+ 5) on block sixty, actual ratio is 0.

Final Macro Processing ...

=========================================================================
Final Register Report

Macro Statistics
# Registers                                            : 25
 Flip-Flops                                            : 25

=========================================================================

=========================================================================
*                          Partition Report                             *
=========================================================================

Partition Implementation Status
-------------------------------

  No Partitions were found in this design.

-------------------------------

=========================================================================
*                            Final Report                               *
=========================================================================
Final Results
RTL Top Level Output File Name     : sixty.ngr
Top Level Output File Name         : sixty
Output Format                      : NGC
Optimization Goal                  : Speed
Keep Hierarchy                     : NO

Design Statistics
# IOs                              : 10

Cell Usage :
# BELS                             : 63
#      GND                         : 1
#      INV                         : 4
#      LUT1                        : 15
#      LUT3                        : 1
#      LUT4                        : 10
#      LUT4_L                      : 1
#      MUXCY                       : 15
#      VCC                         : 1
#      XORCY                       : 15
# FlipFlops/Latches                : 25
#      FDC                         : 4
#      FDCE                        : 4
#      FDE                         : 1
#      FDR                         : 16
# Clock Buffers                    : 1
#      BUFGP                       : 1
# IO Buffers                       : 9
#      IBUF                        : 1
#      OBUF                        : 8
=========================================================================

Device utilization summary:
---------------------------

Selected Device : 2s200pq208-6 

 Number of Slices:                      15  out of   2352     0%  
 Number of Slice Flip Flops:            25  out of   4704     0%  
 Number of 4 input LUTs:                31  out of   4704     0%  
 Number of IOs:                         10
 Number of bonded IOBs:                 10  out of    140     7%  
 Number of GCLKs:                        1  out of      4    25%  

---------------------------
Partition Resource Summary:
---------------------------

  No Partitions were found in this design.

---------------------------


=========================================================================
TIMING REPORT

NOTE: THESE TIMING NUMBERS ARE ONLY A SYNTHESIS ESTIMATE.
      FOR ACCURATE TIMING INFORMATION PLEASE REFER TO THE TRACE REPORT
      GENERATED AFTER PLACE-and-ROUTE.

Clock Information:
------------------
-----------------------------------+------------------------+-------+
Clock Signal                       | Clock buffer(FF name)  | Load  |
-----------------------------------+------------------------+-------+
clk                                | BUFGP                  | 17    |
clk_temp                           | NONE(countL_0)         | 8     |
-----------------------------------+------------------------+-------+
INFO:Xst:2169 - HDL ADVISOR - Some clock signals were not automatically buffered by XST with BUFG/BUFR resources. Please use the buffer_type constraint in order to insert these buffers to the clock signals to help prevent skew problems.

Asynchronous Control Signals Information:
----------------------------------------
-----------------------------------+------------------------+-------+
Control Signal                     | Buffer(FF name)        | Load  |
-----------------------------------+------------------------+-------+
rst                                | IBUF                   | 8     |
-----------------------------------+------------------------+-------+

Timing Summary:
---------------
Speed Grade: -6

   Minimum period: 7.920ns (Maximum Frequency: 126.263MHz)
   Minimum input arrival time before clock: No path found
   Maximum output required time after clock: 7.418ns
   Maximum combinational path delay: No path found

Timing Detail:
--------------
All values displayed in nanoseconds (ns)

=========================================================================
Timing constraint: Default period analysis for Clock 'clk'
  Clock period: 7.920ns (frequency: 126.263MHz)
  Total number of paths / destination ports: 409 / 34
-------------------------------------------------------------------------
Delay:               7.920ns (Levels of Logic = 2)
  Source:            count_4 (FF)
  Destination:       clk_temp (FF)
  Source Clock:      clk rising
  Destination Clock: clk rising

  Data Path: count_4 to clk_temp
                                Gate     Net
    Cell:in->out      fanout   Delay   Delay  Logical Name (Net Name)
    ----------------------------------------  ------------
     FDR:C->Q              2   1.085   1.206  count_4 (count_4)
     LUT4:I0->O            1   0.549   1.035  count_cmp_eq00009 (count_cmp_eq0000_map5)
     LUT4:I1->O           17   0.549   2.610  count_cmp_eq000036 (count_cmp_eq0000)
     FDE:CE                    0.886          clk_temp
    ----------------------------------------
    Total                      7.920ns (3.069ns logic, 4.851ns route)
                                       (38.8% logic, 61.2% route)

=========================================================================
Timing constraint: Default period analysis for Clock 'clk_temp'
  Clock period: 5.625ns (frequency: 177.778MHz)
  Total number of paths / destination ports: 41 / 12
-------------------------------------------------------------------------
Delay:               5.625ns (Levels of Logic = 1)
  Source:            countL_0 (FF)
  Destination:       countH_0 (FF)
  Source Clock:      clk_temp rising
  Destination Clock: clk_temp rising

  Data Path: countL_0 to countH_0
                                Gate     Net
    Cell:in->out      fanout   Delay   Delay  Logical Name (Net Name)
    ----------------------------------------  ------------
     FDC:C->Q              6   1.085   1.665  countL_0 (countL_0)
     LUT4:I0->O            4   0.549   1.440  countH_cmp_eq00011 (countH_cmp_eq0001)
     FDCE:CE                   0.886          countH_0
    ----------------------------------------
    Total                      5.625ns (2.520ns logic, 3.105ns route)
                                       (44.8% logic, 55.2% route)

=========================================================================
Timing constraint: Default OFFSET OUT AFTER for Clock 'clk_temp'
  Total number of paths / destination ports: 8 / 8
-------------------------------------------------------------------------
Offset:              7.418ns (Levels of Logic = 1)
  Source:            countL_0 (FF)
  Destination:       ledL<0> (PAD)
  Source Clock:      clk_temp rising

  Data Path: countL_0 to ledL<0>
                                Gate     Net
    Cell:in->out      fanout   Delay   Delay  Logical Name (Net Name)
    ----------------------------------------  ------------
     FDC:C->Q              6   1.085   1.665  countL_0 (countL_0)
     OBUF:I->O                 4.668          ledL_0_OBUF (ledL<0>)
    ----------------------------------------
    Total                      7.418ns (5.753ns logic, 1.665ns route)
                                       (77.6% logic, 22.4% route)

=========================================================================
CPU : 2.75 / 2.84 s | Elapsed : 3.00 / 3.00 s
 
--> 

Total memory usage is 222048 kilobytes

Number of errors   :    2 (   0 filtered)
Number of warnings :    1 (   0 filtered)
Number of infos    :    1 (   0 filtered)

